// Jest Snapshot v1, https://goo.gl/fbAQLP

exports[`App when component renders should match snapshot 1`] = `
<div>
  <main
    class="app"
  >
    <section
      class="search-container"
    >
      <form
        class="search-form"
      >
        <div
          class="fields-container"
        >
          <fieldset
            class="fieldset"
          >
            <label
              class="label"
              for="category"
            >
              Category:
            </label>
            <select
              aria-required="true"
              class="input"
              data-testid="category-select"
              id="category"
              name="category"
              required=""
            >
              <option
                value="-1"
              >
                Choose Category
              </option>
              <option
                class="bg-white"
                value="0"
              >
                Product Name
              </option>
              <option
                class="bg-white"
                value="1"
              >
                color
              </option>
              <option
                class="bg-white"
                value="2"
              >
                weight (oz)
              </option>
              <option
                class="bg-white"
                value="3"
              >
                category
              </option>
              <option
                class="bg-white"
                value="4"
              >
                wireless
              </option>
            </select>
          </fieldset>
        </div>
        <div>
          <button
            class="clear-button"
            type="button"
          >
            Clear
          </button>
        </div>
      </form>
    </section>
    <section
      class="table-container"
    >
      <table
        class="table"
      >
        <thead
          class="table-header"
        >
          <tr>
            <th
              class="header-cell"
              scope="col"
            >
              Product Name
            </th>
            <th
              class="header-cell"
              scope="col"
            >
              color
            </th>
            <th
              class="header-cell"
              scope="col"
            >
              weight (oz)
            </th>
            <th
              class="header-cell"
              scope="col"
            >
              category
            </th>
            <th
              class="header-cell"
              scope="col"
            >
              wireless
            </th>
          </tr>
        </thead>
        <tbody>
          <tr
            class="table-row"
          >
            <td
              class="cell"
            >
              Headphones
            </td>
            <td
              class="cell"
            >
              black
            </td>
            <td
              class="cell"
            >
              5
            </td>
            <td
              class="cell"
            >
              electronics
            </td>
            <td
              class="cell"
            >
              false
            </td>
          </tr>
          <tr
            class="table-row"
          >
            <td
              class="cell"
            >
              Cell Phone
            </td>
            <td
              class="cell"
            >
              black
            </td>
            <td
              class="cell"
            >
              3
            </td>
            <td
              class="cell"
            >
              electronics
            </td>
            <td
              class="cell"
            >
              true
            </td>
          </tr>
          <tr
            class="table-row"
          >
            <td
              class="cell"
            >
              Keyboard
            </td>
            <td
              class="cell"
            >
              grey
            </td>
            <td
              class="cell"
            >
              5
            </td>
            <td
              class="cell"
            >
              electronics
            </td>
            <td
              class="cell"
            >
              false
            </td>
          </tr>
          <tr
            class="table-row"
          >
            <td
              class="cell"
            >
              Cup
            </td>
            <td
              class="cell"
            >
              white
            </td>
            <td
              class="cell"
            >
              3
            </td>
            <td
              class="cell"
            >
              kitchenware
            </td>
          </tr>
          <tr
            class="table-row"
          >
            <td
              class="cell"
            >
              Key
            </td>
            <td
              class="cell"
            >
              silver
            </td>
            <td
              class="cell"
            >
              1
            </td>
            <td
              class="cell"
            >
              tools
            </td>
          </tr>
          <tr
            class="table-row"
          >
            <td
              class="cell"
            >
              Hammer
            </td>
            <td
              class="cell"
            >
              brown
            </td>
            <td
              class="cell"
            >
              19
            </td>
            <td
              class="cell"
            >
              tools
            </td>
          </tr>
        </tbody>
      </table>
    </section>
  </main>
</div>
`;
