// Jest Snapshot v1, https://goo.gl/fbAQLP

exports[`Search when component renders should match snapshot 1`] = `
<div>
  <form
    class="flex w-full border border-sky-900 py-10 px-4 justify-between rounded-sm gap-4"
  >
    <div
      class="flex gap-10"
    >
      <fieldset
        class="flex gap-2 items-center"
      >
        <label
          class="font-light"
          for="category"
        >
          Category:
        </label>
        <select
          aria-required="true"
          class="border p-2 border-gray-400 rounded-sm text-sm focus:border-blue-500 focus:ring-blue-500"
          data-testid="category-select"
          id="category"
          name="category"
          required=""
        >
          <option
            value="-1"
          >
            Choose Category
          </option>
          <option
            class="bg-white"
            value="0"
          >
            Product Name
          </option>
          <option
            class="bg-white"
            value="1"
          >
            color
          </option>
          <option
            class="bg-white"
            value="2"
          >
            weight (oz)
          </option>
          <option
            class="bg-white"
            value="3"
          >
            category
          </option>
          <option
            class="bg-white"
            value="4"
          >
            wireless
          </option>
        </select>
      </fieldset>
    </div>
    <div
      class="flex"
    >
      <button
        class="bg-blue-700 hover:bg-blue-900 text-white text-sm py-2 px-4 rounded"
        type="button"
      >
        Clear
      </button>
    </div>
  </form>
</div>
`;
