// Jest Snapshot v1, https://goo.gl/fbAQLP

exports[`Search when component renders should match snapshot 1`] = `
<div>
  <form
    class="search-form"
  >
    <div
      class="fields-container"
    >
      <fieldset
        class="fieldset"
      >
        <label
          class="label"
          for="category"
        >
          Category:
        </label>
        <select
          aria-required="true"
          class="input"
          data-testid="category-select"
          id="category"
          name="category"
          required=""
        >
          <option
            value="-1"
          >
            Choose Category
          </option>
          <option
            class="bg-white"
            value="0"
          >
            Product Name
          </option>
          <option
            class="bg-white"
            value="1"
          >
            color
          </option>
          <option
            class="bg-white"
            value="2"
          >
            weight (oz)
          </option>
          <option
            class="bg-white"
            value="3"
          >
            category
          </option>
          <option
            class="bg-white"
            value="4"
          >
            wireless
          </option>
        </select>
      </fieldset>
    </div>
    <div>
      <button
        class="clear-button"
        type="button"
      >
        Clear
      </button>
    </div>
  </form>
</div>
`;
