// Jest Snapshot v1, https://goo.gl/fbAQLP

exports[`Table when component renders should match snapshot 1`] = `
<div>
  <table
    class="table"
  >
    <thead
      class="table-header"
    >
      <tr>
        <th
          class="header-cell"
          scope="col"
        >
          Product Name
        </th>
        <th
          class="header-cell"
          scope="col"
        >
          Color
        </th>
        <th
          class="header-cell"
          scope="col"
        >
          Weight (oz)
        </th>
        <th
          class="header-cell"
          scope="col"
        >
          Category
        </th>
        <th
          class="header-cell"
          scope="col"
        >
          Wireless
        </th>
      </tr>
    </thead>
    <tbody>
      <tr
        class="table-row"
      >
        <td
          class="cell"
        >
          Headphones
        </td>
        <td
          class="cell"
        >
          black
        </td>
        <td
          class="cell"
        >
          5
        </td>
        <td
          class="cell"
        >
          electronics
        </td>
        <td
          class="cell"
        >
          false
        </td>
      </tr>
      <tr
        class="table-row"
      >
        <td
          class="cell"
        >
          Cell Phone
        </td>
        <td
          class="cell"
        >
          black
        </td>
        <td
          class="cell"
        >
          3
        </td>
        <td
          class="cell"
        >
          electronics
        </td>
        <td
          class="cell"
        >
          true
        </td>
      </tr>
      <tr
        class="table-row"
      >
        <td
          class="cell"
        >
          Keyboard
        </td>
        <td
          class="cell"
        >
          grey
        </td>
        <td
          class="cell"
        >
          5
        </td>
        <td
          class="cell"
        >
          electronics
        </td>
        <td
          class="cell"
        >
          false
        </td>
      </tr>
      <tr
        class="table-row"
      >
        <td
          class="cell"
        >
          Cup
        </td>
        <td
          class="cell"
        >
          white
        </td>
        <td
          class="cell"
        >
          3
        </td>
        <td
          class="cell"
        >
          kitchenware
        </td>
      </tr>
      <tr
        class="table-row"
      >
        <td
          class="cell"
        >
          Key
        </td>
        <td
          class="cell"
        >
          silver
        </td>
        <td
          class="cell"
        >
          1
        </td>
        <td
          class="cell"
        >
          tools
        </td>
      </tr>
      <tr
        class="table-row"
      >
        <td
          class="cell"
        >
          Hammer
        </td>
        <td
          class="cell"
        >
          brown
        </td>
        <td
          class="cell"
        >
          19
        </td>
        <td
          class="cell"
        >
          tools
        </td>
      </tr>
    </tbody>
  </table>
</div>
`;
